node.exe : 'Cabs_projec
t\node_modules\.bin\' 
is not recognized as 
an internal or 
external command,
At line:1 char:1
+ & "C:\Program 
Files\nodejs/node.exe" 
"C:\Users\sukan\AppData
\Roaming\ ...
+ ~~~~~~~~~~~~~~~~~~~~~
~~~~~~~~~~~~~~~~~~~~~~~
~~~~~~~~~~~~~~~~~~~~~~~
~~
    + CategoryInfo     
         : NotSpecifi  
  ed: ('Cabs_project   
 \n...ternal comman    
d,:String) [], Rem    
oteException
    + FullyQualifiedEr 
   rorId : NativeComm  
  andError
 
operable program or 
batch file.
node:internal/modules/c
js/loader:1386
  throw err;
  ^

Error: Cannot find 
module 'C:\Users\sukan\
OneDrive\Desktop\Sukany
a\vite\bin\vite.js'
    at Function._resolv
eFilename (node:interna
l/modules/cjs/loader:13
83:15)
    at 
defaultResolveImpl (nod
e:internal/modules/cjs/
loader:1025:19)
    at 
resolveForCJSWithHooks 
(node:internal/modules/
cjs/loader:1030:22)
    at Function._load (
node:internal/modules/c
js/loader:1192:37)
    at TracingChannel.t
raceSync (node:diagnost
ics_channel:322:14)
    at wrapModuleLoad (
node:internal/modules/c
js/loader:237:24)
    at Function.execute
UserEntryPoint [as 
runMain] (node:internal
/modules/run_main:171:5
)
    at node:internal/ma
in/run_main_module:36:4
9 {
  code: 
'MODULE_NOT_FOUND',
  requireStack: []
}

Node.js v22.20.0
